// Jest Snapshot v1, https://goo.gl/fbAQLP

exports[`Index renders correctly 1`] = `
<div
  className=" flex flex-col h-screen"
>
  <div
    className="flex items-center justify-center flex-grow"
  >
    <div
      className="inline-block"
    >
      <div
        className="text-center"
      >
        <div
          className="spinner-border animate-spin inline-block w-8 h-8 border-4 border-t-0 border-b-0 border-black rounded-full"
          role="status"
        >
          <span
            className="invisible"
          >
            Loading...
          </span>
        </div>
      </div>
    </div>
  </div>
</div>
`;
